// Jest Snapshot v1, https://goo.gl/fbAQLP

exports[`<MovieCardEditList /> should render a movie card edit list 1`] = `
.c0 {
  position: absolute;
  top: 15px;
  right: 15px;
  width: 170px;
  height: 115px;
  background-color: #232323;
  border-radius: 5px;
}

.c0 ul {
  list-style-type: none;
  padding: 0;
  margin: 35px 0 0;
}

.c0 ul a {
  color: #fff;
  -webkit-text-decoration: none;
  text-decoration: none;
}

.c0 ul li {
  padding: 10px 0;
  padding-left: 20px;
  border-radius: 5px;
}

.c0 ul li:hover {
  background-color: #f65261;
}

.c0 button {
  position: absolute;
  top: 0;
  right: 0;
  font-size: 15px;
  background: #232323;
  width: 35px;
  height: 35px;
  border: none;
  border-radius: 50%;
  outline: none;
  cursor: pointer;
}

.c0 button:focus {
  outline: none;
}

.c0 button:first-child:after {
  content: "\\2716";
  display: inline-block;
  color: #fff;
}

<div
  className="c0"
/>
`;
