// Jest Snapshot v1, https://goo.gl/fbAQLP

exports[`<DeleteMovieModalWrapper /> should render a movie modal wrapper 1`] = `
.c0 {
  width: 600px;
  height: 300px;
  background-color: #232323;
}

.c0 p {
  color: #fff;
  padding: 20px 80px;
}

.c0 button {
  position: relative;
  left: 300px;
  top: 40px;
  background: #f65261;
  width: 160px;
  border-radius: 5%;
}

<div
  className="c0"
/>
`;
